RAM Allocation
Variable                                                          Address   Size
--------------------------------------------------------------------------------
_seed                                                             0A00h        4
_base_y                                                           0A04h        4

EEPROM Allocation
Variable                                                          Address   Size
--------------------------------------------------------------------------------

Register Allocation
Variable                                                          Register  Size
--------------------------------------------------------------------------------
photon                                                            R3,R4        2
_lcd_x                                                            R6           1
_lcd_y                                                            R5           1
_lcd_maxx                                                         R8           1
